
> workspace@0.0.0 build C:\Users\erkhemee\OneDrive\Desktop\Parking-System-Gate
> pnpm run typecheck && pnpm -r --if-present run build


> workspace@0.0.0 typecheck C:\Users\erkhemee\OneDrive\Desktop\Parking-System-Gate
> pnpm run typecheck:libs && pnpm -r --filter "./artifacts/**" --filter "./scripts" --if-present run typecheck


> workspace@0.0.0 typecheck:libs C:\Users\erkhemee\OneDrive\Desktop\Parking-System-Gate
> tsc --build

Scope: 4 of 9 workspace projects
artifacts/api-server typecheck$ tsc -p tsconfig.json --noEmit
artifacts/mockup-sandbox typecheck$ tsc -p tsconfig.json --noEmit
scripts typecheck$ tsc -p tsconfig.json --noEmit
artifacts/parking-system typecheck$ tsc -p tsconfig.json --noEmit
scripts typecheck: Done
artifacts/api-server typecheck: src/app.ts(3,8): error TS1192: Module '"C:/Users/erkhemee/OneDrive/Desktop/Parking-System-Gate/artifacts/api-server/src/routes/index"' has no default export.
artifacts/api-server typecheck: src/index.ts(43,12): error TS2769: No overload matches this call.
artifacts/api-server typecheck:   Overload 1 of 6, '(port: number, hostname: string, backlog: number, callback?: ((error?: Error | undefined) => void) | undefined): Server<typeof IncomingMessage, typeof ServerResponse>', gave the following error.
artifacts/api-server typecheck:     Argument of type 'string | 5000' is not assignable to parameter of type 'number'.
artifacts/api-server typecheck:       Type 'string' is not assignable to type 'number'.
artifacts/api-server typecheck:   Overload 2 of 6, '(port: number, hostname: string, callback?: ((error?: Error | undefined) => void) | undefined): Server<typeof IncomingMessage, typeof ServerResponse>', gave the following error.
artifacts/api-server typecheck:     Argument of type 'string | 5000' is not assignable to parameter of type 'number'.
artifacts/api-server typecheck:       Type 'string' is not assignable to type 'number'.
artifacts/api-server typecheck: src/routes/admin.ts(93,23): error TS7030: Not all code paths return a value.
artifacts/api-server typecheck: src/routes/admin.ts(135,25): error TS7030: Not all code paths return a value.
artifacts/api-server typecheck: src/routes/parking.ts(28,23): error TS7030: Not all code paths return a value.
artifacts/api-server typecheck: src/routes/parking.ts(96,28): error TS7030: Not all code paths return a value.
artifacts/api-server typecheck: src/routes/parking.ts(111,26): error TS7030: Not all code paths return a value.
artifacts/api-server typecheck: src/routes/parking.ts(152,23): error TS7030: Not all code paths return a value.
artifacts/api-server typecheck: src/routes/parking.ts(171,25): error TS7030: Not all code paths return a value.
artifacts/api-server typecheck: Failed
C:\Users\erkhemee\OneDrive\Desktop\Parking-System-Gate\artifacts\api-server:
ΓÇëERR_PNPM_RECURSIVE_RUN_FIRST_FAILΓÇë @workspace/api-server@0.0.0 typecheck: `tsc -p tsconfig.json --noEmit`
Exit status 2
ΓÇëELIFECYCLEΓÇë Command failed with exit code 2.
ΓÇëELIFECYCLEΓÇë Command failed with exit code 2.
